
TH_reifyLinear.hs:10:5: error:
    Can't represent non-Many multiplicity in Template Haskell: Int
                                                                #-> Int
