
UnliftedNewtypesLevityBinder.hs:16:7: error:
    Cannot use function with levity-polymorphic arguments:
      UnliftedNewtypesLevityBinder.$WIdentC :: a -> Ident a
    Levity-polymorphic arguments: a :: TYPE r
