[SigD foo_1 (AppT (AppT (AppT MulArrowT (PromotedT GHC.Types.Omega)) (VarT a_0)) (VarT a_0)),FunD foo_1 [Clause [VarP x_2] (NormalB (VarE x_2)) []]]
"[SigD foo_ (AppT (AppT (AppT MulArrowT (PromotedT GHC.Types.Omega)) (VarT _a_)) (VarT _a_)),FunD foo_ [Clause [VarP x_] (NormalB (VarE x_)) []]]"
[SigD foo_6 (ForallT [PlainTV _a_5] [] (AppT (AppT (AppT MulArrowT (PromotedT GHC.Types.Omega)) (VarT _a_5)) (VarT _a_5))),FunD foo_6 [Clause [VarP x_7] (NormalB (VarE x_7)) []]]
