
==================== Desugar (after optimization) ====================
Result size of Desugar (after optimization)
  = {terms: 36, types: 17, coercions: 0, joins: 0/0}

-- RHS size: {terms: 5, types: 4, coercions: 0, joins: 0/0}
T16615.$trModule :: GHC.Types.Module
[LclIdX,
 Unf=Unf{Src=<vanilla>, TopLvl=True, Value=False, ConLike=False,
         WorkFree=False, Expandable=False, Guidance=IF_ARGS [] 120 0}]
T16615.$trModule
  = GHC.Types.$WModule
      @ 'Omega
      @ 'Omega
      (GHC.Types.$WTrNameS @ 'Omega "main"#)
      (GHC.Types.$WTrNameS @ 'Omega "T16615"#)

Rec {
-- RHS size: {terms: 14, types: 4, coercions: 0, joins: 0/0}
g :: Int -> Bool
[LclIdX,
 Unf=Unf{Src=<vanilla>, TopLvl=True, Value=True, ConLike=True,
         WorkFree=True, Expandable=True, Guidance=IF_ARGS [0] 120 0}]
g = \ (i :: Int) ->
      case == @ Int GHC.Classes.$fEqInt i (GHC.Types.I# 0#) of {
        False -> f (pred @ Int GHC.Enum.$fEnumInt i);
        True -> GHC.Types.$WFalse
      }

-- RHS size: {terms: 14, types: 4, coercions: 0, joins: 0/0}
f [Occ=LoopBreaker] :: Int -> Bool
[LclIdX,
 Unf=Unf{Src=<vanilla>, TopLvl=True, Value=True, ConLike=True,
         WorkFree=True, Expandable=True, Guidance=IF_ARGS [0] 120 0}]
f = \ (i :: Int) ->
      case == @ Int GHC.Classes.$fEqInt i (GHC.Types.I# 0#) of {
        False -> g (pred @ Int GHC.Enum.$fEnumInt i);
        True -> GHC.Types.$WTrue
      }
end Rec }



