
T13233.hs:23:16: error:
    A levity-polymorphic type is not allowed here:
      Type: a
      Kind: TYPE rep1
    When trying to create a variable of type: a
