
T2464.hs:6:14: warning:
    -XNullaryTypeClasses is deprecated: use -XMultiParamTypeClasses or pragma {-# LANGUAGE MultiParamTypeClasses #-} instead
