
==================== FloatOut stats: ====================
0 Lets floated to top level; 0 Lets floated elsewhere; from 3 Lambda groups



==================== FloatOut stats: ====================
0 Lets floated to top level; 0 Lets floated elsewhere; from 3 Lambda groups



==================== Grand total simplifier statistics ====================
Total ticks:     26

5 PreInlineUnconditionally
  2 dt
  1 f
  1 dt
  1 dt
4 UnfoldingDone
  2 GHC.Types.$WTrNameS
  1 Roman.bar
  1 GHC.Types.$WModule
1 RuleFired 1 foo/bar
1 LetFloatFromLet 1
1 EtaReduction 1 ds
14 BetaReduction
  3 n
  2 dt
  1 o
  1 f
  1 a
  1 m
  1 m
  1 b
  1 m
  1 dt
  1 dt
9 SimplifierDone 9


