MkT :: a -> T a
MkT :: a -->.(n) T a
data T a where
  MkT :: a ->. a -> T a
  	-- Defined at <interactive>:6:1
