
LinearPartialSig.hs:5:13: error:
    • Found type wildcard ‘_’
        standing for ‘'One :: GHC.Types.Multiplicity’
      To use the inferred type, enable PartialTypeSignatures
    • In the type signature: f :: a -->.(_) a

LinearPartialSig.hs:8:13: error:
    • Found type wildcard ‘_’
        standing for ‘'Omega :: GHC.Types.Multiplicity’
      To use the inferred type, enable PartialTypeSignatures
    • In the type signature: g :: a -->.(_) a
