
Linear13.hs:6:14: error:
    • Couldn't match expected multiplicity ‘1’ of variable ‘a’ with actual multiplicity ‘Omega’
    • In an equation for ‘incorrectLet’:
          incorrectLet a = let x = a in ()

Linear13.hs:9:20: error:
    • Couldn't match expected multiplicity ‘1’ of variable ‘x’ with actual multiplicity ‘Omega’
    • In an equation for ‘incorrectLazyMatch’:
          incorrectLazyMatch x = let (a, b) = x in b

Linear13.hs:12:24: error:
    • Couldn't match expected multiplicity ‘1’ of variable ‘x’ with actual multiplicity ‘Omega’
    • In an equation for ‘incorrectCasePromotion’:
          incorrectCasePromotion x = case x of { (a, b) -> b }
