
LinearTH2.hs:4:6: error:
    Function with non-Many multiplicity not (yet) handled by Template Haskell
      Int -->.(p) Int
